2025-09-24 08:00:00 | INFO | repo=pv243-a4m36jee-2016-web-seminar-autumn | action=commit
2025-01-18 14:07:00 | DEBUG | repo=pv243-a4m36jee-2016-web-seminar-autumn | action=commit
2025-08-26 21:17:00 | DEBUG | repo=pv243-a4m36jee-2016-web-seminar-autumn | action=commit
2025-06-13 13:32:00 | DEBUG | repo=pv243-a4m36jee-2016-web-seminar-autumn | action=commit
2025-07-14 18:17:00 | WARN | repo=pv243-a4m36jee-2016-web-seminar-autumn | action=edit | files=2
2025-05-28 12:01:00 | DEBUG | repo=pv243-a4m36jee-2016-web-seminar-autumn | action=commit
2025-08-20 18:56:00 | WARN | repo=pv243-a4m36jee-2016-web-seminar-autumn | action=commit
2025-09-08 11:18:00 | INFO | repo=pv243-a4m36jee-2016-web-seminar-autumn | action=test | passed=true
2025-08-23 16:04:00 | WARN | repo=pv243-a4m36jee-2016-web-seminar-autumn | action=commit
2025-07-06 08:31:00 | DEBUG | repo=pv243-a4m36jee-2016-web-seminar-autumn | action=commit
2025-12-19 15:16:00 | INFO | repo=pv243-a4m36jee-2016-web-seminar-autumn | action=commit
2025-10-03 18:05:00 | INFO | repo=pv243-a4m36jee-2016-web-seminar-autumn | action=commit
2025-06-25 07:20:00 | DEBUG | repo=pv243-a4m36jee-2016-web-seminar-autumn | action=commit
2025-10-21 12:46:00 | DEBUG | repo=pv243-a4m36jee-2016-web-seminar-autumn | action=commit
2025-09-17 15:05:00 | INFO | repo=pv243-a4m36jee-2016-web-seminar-autumn | action=edit | files=3
2025-06-03 11:50:00 | DEBUG | repo=pv243-a4m36jee-2016-web-seminar-autumn | action=test | passed=true
2025-03-10 18:22:00 | DEBUG | repo=pv243-a4m36jee-2016-web-seminar-autumn | action=pull
2025-11-24 10:58:00 | DEBUG | repo=pv243-a4m36jee-2016-web-seminar-autumn | action=commit
2025-06-09 11:01:00 | DEBUG | repo=pv243-a4m36jee-2016-web-seminar-autumn | action=test | passed=true
2025-09-11 19:32:00 | DEBUG | repo=pv243-a4m36jee-2016-web-seminar-autumn | action=pull
2025-01-03 14:10:00 | WARN | repo=pv243-a4m36jee-2016-web-seminar-autumn | action=edit | files=4
2025-08-08 14:15:00 | WARN | repo=pv243-a4m36jee-2016-web-seminar-autumn | action=commit
